<html>
<body>
<pre>
<h1>µVision Build Log</h1>
<h2>Tool Versions:</h2>
IDE-Version: £gVision V5.24.2.0
Copyright (C) 2017 ARM Ltd and ARM Germany GmbH. All rights reserved.
License Information: Szuyu Lin, National Taiwan University, LIC=----
 
Tool Versions:
Toolchain:       MDK-Lite  Version: 5.24.1
Toolchain Path:  C:\Keil_v5\ARM\ARMCC\Bin
C Compiler:      Armcc.exe V5.06 update 5 (build 528)
Assembler:       Armasm.exe V5.06 update 5 (build 528)
Linker/Locator:  ArmLink.exe V5.06 update 5 (build 528)
Library Manager: ArmAr.exe V5.06 update 5 (build 528)
Hex Converter:   FromElf.exe V5.06 update 5 (build 528)
CPU DLL:         SARMCM3.DLL V5.24.1
Dialog DLL:      DCM.DLL V1.16.0.0
Target DLL:      STLink\ST-LINKIII-KEIL_SWO.dll V3.0.1.0
Dialog DLL:      TCM.DLL V1.32.0.0
 
<h2>Project:</h2>
C:\Users\Lin\Projects\STM32F1_I2C_ReadEncoder\i2c_STX\i2c_ReadEncoder.uvprojx
Project File Date:  02/26/2018

<h2>Output:</h2>
*** Using Compiler 'V5.06 update 5 (build 528)', folder: 'C:\Keil_v5\ARM\ARMCC\Bin'
Rebuild target 'Target 1'
assembling startup_stm32f10x_md.s...
compiling i2c_STX.c...
compiling system_stm32f10x.c...
compiling main.c...
.\Inc\read_encoder.h(1): warning:  #47-D: incompatible redefinition of macro "GPIO_Port"  (declared at line 1 of ".\Inc\collision.h")
  #define GPIO_Port  				GPIOA
Src\main.c: 1 warning, 0 errors
compiling core_cm3.c...
compiling misc.c...
compiling collision.c...
compiling stm32f10x_gpio.c...
compiling read_encoder.c...
Src\read_encoder.c(60): warning:  #188-D: enumerated type mixed with another type
      FlagStatus f = ((
XTI->PR & 
XTI_LineA) != (uint32_t)RESET);
Src\read_encoder.c(73): warning:  #188-D: enumerated type mixed with another type
      FlagStatus f = ((
XTI->PR & 
XTI_LineB) != (uint32_t)RESET);
Src\read_encoder.c: 2 warnings, 0 errors
compiling stm32f10x_i2c.c...
compiling stm32f10x_rcc.c...
compiling stm32f10x_exti.c...
compiling stm32f10x_tim.c...
linking...
Program Size: Code=3404 RO-data=268 RW-data=76 ZI-data=1636  
".\Objects\i2c_ReadEncoder.axf" - 0 Error(s), 3 Warning(s).

<h2>Software Packages used:</h2>

Package Vendor: Keil
                http://www.keil.com/pack/Keil.STM32F1xx_DFP.2.2.0.pack
                Keil.STM32F1xx_DFP.2.2.0
                STMicroelectronics STM32F1 Series Device Support, Drivers and Examples

<h2>Collection of Component include folders:</h2>
  .\RTE\_Target_1
  C:\Keil_v5\ARM\PACK\Keil\STM32F1xx_DFP\2.2.0\Device\Include

<h2>Collection of Component Files used:</h2>
Build Time Elapsed:  00:00:02
</pre>
</body>
</html>
